// Jest Snapshot v1, https://goo.gl/fbAQLP

exports[`Страница условий доставки должна иметь статическое содержание: Страница условий доставки 1`] = `
<div>
  <div
    class="Application"
  >
    <nav
      class="navbar navbar-expand-sm navbar-light bg-light"
    >
      <div
        class="container"
      >
        <a
          class="Application-Brand navbar-brand"
          href="/hw/store"
        >
          Kogtetochka store
        </a>
        <button
          aria-label="Toggle navigation"
          class="Application-Toggler navbar-toggler"
        >
          <span
            class="navbar-toggler-icon"
          />
        </button>
        <div
          class="Application-Menu collapse navbar-collapse"
        >
          <div
            class="navbar-nav"
          >
            <a
              class="nav-link"
              href="/hw/store/catalog"
            >
              Catalog
            </a>
            <a
              aria-current="page"
              class="active nav-link"
              href="/hw/store/delivery"
            >
              Delivery
            </a>
            <a
              class="nav-link"
              href="/hw/store/contacts"
            >
              Contacts
            </a>
            <a
              class="nav-link"
              href="/hw/store/cart"
            >
              Cart
            </a>
          </div>
        </div>
      </div>
    </nav>
    <div
      class="container pt-4"
    >
      <div
        class="Delivery"
      >
        <div
          class="row"
        >
          <div
            class="col"
          >
            <h1>
              Delivery
            </h1>
            <p>
              Swift and Secure Delivery: Experience the convenience of hassle-free shipping with our scratchers. We understand the excitement of receiving your new cat furniture, so we prioritize swift delivery to your doorstep. Rest assured, your order is handled with care every step of the way, ensuring it arrives safely and securely.
            </p>
            <img
              class="Image w-25 mb-4"
              src="data:image/png;base64,iVBORw0KGgoAAAANSUhEUgAAAAEAAAABCAQAAAC1HAwCAAAAC0lEQVR42mNkMAYAADkANVKH3ScAAAAASUVORK5CYII="
            />
            <p>
              Track Your Package with Ease: Stay informed and in control of your delivery with our easy-to-use tracking system. From the moment your order is placed to the minute it reaches your home, you can monitor its journey in real-time. No more guessing games – know exactly when to expect your package and plan accordingly.
            </p>
            <p>
              Customer Satisfaction Guaranteed: Your satisfaction is our top priority, which is why we go above and beyond to provide exceptional delivery service. If you have any questions or concerns about your shipment, our dedicated customer support team is here to assist you every step of the way. Trust us to deliver not only your scratcher but also peace of mind.
            </p>
          </div>
        </div>
      </div>
    </div>
  </div>
</div>
`;
